// Jest Snapshot v1, https://goo.gl/fbAQLP

exports[`should render LoginPage component correctly 1`] = `
<div>
  <button
    id="login"
  >
    Login
  </button>
</div>
`;
